
\r\n----------reServer factory testing[20210723-v1.0]-----------\r\n
sda     
sdb     
├─sdb1  /boot/efi
└─sdb2  /
sdc     
└─sdc1  /media/te/FE8B-735D
sdd     
└─sdd1  /media/te/B4A4-D0DF
nvme1n1 
nvme0n1 
MemTotal:       32549044 kB
# dmidecode 3.2
Getting SMBIOS data from sysfs.
SMBIOS 3.3.0 present.
# SMBIOS implementations newer than version 3.2.0 are not
# fully supported by this version of dmidecode.

Handle 0x0039, DMI type 16, 23 bytes
Physical Memory Array
	Location: System Board Or Motherboard
	Use: System Memory
	Error Correction Type: None
	Maximum Capacity: 32 GB
	Error Information Handle: Not Provided
	Number Of Devices: 2

Handle 0x003D, DMI type 17, 92 bytes
Memory Device
	Array Handle: 0x0039
	Error Information Handle: Not Provided
	Total Width: 64 bits
	Data Width: 64 bits
	Size: 16384 MB
	Form Factor: SODIMM
	Set: None
	Locator: Controller0-ChannelA-DIMM0
	Bank Locator: BANK 0
	Type: DDR4
	Type Detail: Synchronous
	Speed: 3200 MT/s
	Manufacturer: Kingston
	Serial Number: 258ED552
	Asset Tag: 9876543210
	Part Number: CBD32D4S2S8ME-16    
	Rank: 1
	Configured Memory Speed: 3200 MT/s
	Minimum Voltage: 1.2 V
	Maximum Voltage: 1.2 V
	Configured Voltage: 1.2 V
	Memory Technology: DRAM
	Memory Operating Mode Capability: Volatile memory
	Firmware Version: Not Specified
	Module Manufacturer ID: Bank 2, Hex 0x98
	Module Product ID: Unknown
	Memory Subsystem Controller Manufacturer ID: Unknown
	Memory Subsystem Controller Product ID: Unknown
	Non-Volatile Size: None
	Volatile Size: 16 GB
	Cache Size: None
	Logical Size: None

Handle 0x003E, DMI type 17, 92 bytes
Memory Device
	Array Handle: 0x0039
	Error Information Handle: Not Provided
	Total Width: 64 bits
	Data Width: 64 bits
	Size: 16384 MB
	Form Factor: SODIMM
	Set: None
	Locator: Controller1-ChannelA-DIMM0
	Bank Locator: BANK 0
	Type: DDR4
	Type Detail: Synchronous
	Speed: 3200 MT/s
	Manufacturer: SK Hynix
	Serial Number: 34F39249
	Asset Tag: 9876543210
	Part Number: HMA82GS6DJR8N-XN    
	Rank: 2
	Configured Memory Speed: 3200 MT/s
	Minimum Voltage: 1.2 V
	Maximum Voltage: 1.2 V
	Configured Voltage: 1.2 V
	Memory Technology: DRAM
	Memory Operating Mode Capability: Volatile memory
	Firmware Version: Not Specified
	Module Manufacturer ID: Bank 1, Hex 0xAD
	Module Product ID: Unknown
	Memory Subsystem Controller Manufacturer ID: Unknown
	Memory Subsystem Controller Product ID: Unknown
	Non-Volatile Size: None
	Volatile Size: 16 GB
	Cache Size: None
	Logical Size: None

enp3s0: flags=4163<UP,BROADCAST,RUNNING,MULTICAST>  mtu 1500
enp4s0: flags=4099<UP,BROADCAST,MULTICAST>  mtu 1500
enp3s0: flags=4163<UP,BROADCAST,RUNNING,MULTICAST>  mtu 1500
100+0 records in
100+0 records out
104857600 bytes (105 MB, 100 MiB) copied, 2.35869 s, 44.5 MB/s

real	0m2.361s
user	0m0.000s
sys	0m0.073s
100+0 records in
100+0 records out
104857600 bytes (105 MB, 100 MiB) copied, 4.69978 s, 22.3 MB/s

real	0m4.701s
user	0m0.005s
sys	0m0.116s
wlo1: flags=4099<UP,BROADCAST,MULTICAST>  mtu 1500
        ether d4:d2:52:31:fa:3d  txqueuelen 1000  (Ethernet)
        RX packets 0  bytes 0 (0.0 B)
        RX errors 0  dropped 0  overruns 0  frame 0
        TX packets 0  bytes 0 (0.0 B)
        TX errors 0  dropped 0 overruns 0  carrier 0  collisions 0

